www.instagram.com
update.googleapis.com
broker.miwifi.com
g.whatsapp.net
play-lh.googleusercontent.com
play-fe.googleapis.com
certs.yoomoney.ru
firebaseinstallations.googleapis.com
geller-pa.googleapis.com
www.gstatic.com
www.baidu.com
android.googleapis.com
stackoverflow.com
cyberresilience.io
cyberresilience.io
syndication.realsrv.com
ru.tv.global.mi.com
androidtvlauncherxfe-pa.googleapis.com
ru.tv.global.mi.com
speechs3proto2-pa.googleapis.com
playatoms-pa.googleapis.com
www.googleapis.com^
android.clients.google.com
android.apis.google.com
dl.google.com
embeddedassistant.googleapis.com
mtalk.google.com
time.android.com
play.googleapis.com
fcm.googleapis.com
clients3.google.com
chromesyncpasswords-pa.googleapis.com
notifications-pa.googleapis.com
alt1-mtalk.google.com
alt2-mtalk.google.com
lh3.googleusercontent.com
tv.adbappcontrol.com
avatars.mds.yandex.net
st.kp.yandex.net
firebase-settings.crashlytics.com
static.okko.tv
i.amediateka.tech
thumbs.dfs.ivi.ru
filmix.ac
sponsor.ajay.app
metadata.provider.plex.tv
community.plex.tv
features.plex.tv
discover.provider.plex.tv
metadata-static.plex.tv
together.plex.tv
play.provider.plex.tv
rschmidtsheetmusic.keenetic.pro
alt8-mtalk.google.com
api.ott-nav.com
app.ott-nav.com
crl3.digicert.com
gmscompliance-pa.googleapis.com
alt6-mtalk.google.com
alt5-mtalk.google.com
alt7-mtalk.google.com
alt4-mtalk.google.com
alt3-mtalk.google.com
android-safebrowsing.google.com
crl4.digicert.com
connectivitycheck.gstatic.com
pubsub.plex.tv
