www.instagram.com
update.googleapis.com
broker.miwifi.com
g.whatsapp.net
play-lh.googleusercontent.com
play-fe.googleapis.com
certs.yoomoney.ru
firebaseinstallations.googleapis.com
geller-pa.googleapis.com
www.gstatic.com
gstatic.com
www.baidu.com
baidu.com
www.googleapis.com
android.googleapis.com
stackoverflow.com
cyberresilience.io
syndication.realsrv.com
ru.tv.global.mi.com
androidtvlauncherxfe-pa.googleapis.com
ru.tv.global.mi.com
speechs3proto2-pa.googleapis.com
playatoms-pa.googleapis.com
www.googleapis.com^
googleapis.com^
android.clients.google.com
android.apis.google.com
embeddedassistant.googleapis.com
mtalk.google.com
play.googleapis.com
clients3.google.com
chromesyncpasswords-pa.googleapis.com
notifications-pa.googleapis.com
alt1-mtalk.google.com
alt2-mtalk.google.com
lh3.googleusercontent.com
tv.adbappcontrol.com
firebase-settings.crashlytics.com
static.okko.tv
i.amediateka.tech
thumbs.dfs.ivi.ru
filmix.ac
rschmidtsheetmusic.keenetic.pro
alt8-mtalk.google.com
api.ott-nav.com
app.ott-nav.com
crl3.digicert.com
gmscompliance-pa.googleapis.com
alt6-mtalk.google.com
alt5-mtalk.google.com
alt7-mtalk.google.com
alt4-mtalk.google.com
alt3-mtalk.google.com
android-safebrowsing.google.com
crl4.digicert.com
cdn.awsind0-fusion.fds.api.mi-img.com
android-safebrowsing.google.com
community.plex.tv
features.plex.tv
discover.provider.plex.tv
together.plex.tv
play.provider.plex.tv
pubsub.plex.tv
analytics.plex.tv
dl.google.com
fcm.googleapis.com
deviceintegritytokens-pa.googleapis.com
us.pdc.micloud.xiaomi.net
iritual.ru
i101.fastpic.org
i66.fastpic.ru
i100.fastpic.org
i66.fastpic.ru
i116.fastpic.org
i66.fastpic.org
i104.fastpic.ru
i100.fastpic.ru
play.google.com
i6.imageban.ru
i4.imageban.ru
play.google.com
ssl.gstatic.com
lh3.google.com
addons-pa.clients6.google.com
aa.google.com
m6rl2.shop
y2kkm.shop
gamabit10.shop
tinkof.shop
us1-usndr.com
yandex.digital-services.solutions
dataupdate7.synology.com
cdn.uxfeedback.ru
s.fstorage.cm.tdera.ru
bff.r-ulybka.ru
sentry.wp.tdera.ru
kinescope.io
www.avito.st
cdn3.uxfeedback.ru
egress.yandex.net
static.avito.ru
public-api.uxfeedback.ru
www.taobao.com
xiaomi.net
global.xiaomi.net
msg.xiaomi.net
resolver.msg.xiaomi.net
msg.global.xiaomi.net
resolver.msg.global.xiaomi.net
micloud.xiaomi.net
app.chat.global.xiaomi.net
chat.global.xiaomi.net
chat.xiaomi.net
app.chat.xiaomi.net
galleryapi.micloud.xiaomi.net
api.micloud.xiaomi.net
find.api.micloud.xiaomi.net
cn.app.chat.xiaomi.net
statusapi.micloud.xiaomi.net
g.galleryapi.micloud.xiaomi.net
us.galleryapi.micloud.xiaomi.net
us.statusapi.micloud.xiaomi.net
api.g.micloud.xiaomi.net
g.micloud.xiaomi.net
pdc.micloud.xiaomi.net
us.find.api.micloud.xiaomi.net
micardapi.micloud.xiaomi.net
contactapi.micloud.xiaomi.net
noteapi.micloud.xiaomi.net
us.pdc.micloud.xiaomi.net
smsapi.micloud.xiaomi.net
api.device.xiaomi.net
device.xiaomi.net
us.micardapi.micloud.xiaomi.net
us.contactapi.micloud.xiaomi.net
api.chat.xiaomi.net
us.noteapi.micloud.xiaomi.net
sgp2.xmssdn.micloud.xiaomi.net
xmssdn.micloud.xiaomi.net
browserapi.micloud.xiaomi.net
phonecallapi.micloud.xiaomi.net
findapi.micloud.xiaomi.net
wifiapi.micloud.xiaomi.net
galleryfaceapi.micloud.xiaomi.net
fr.app.chat.global.xiaomi.net
sfsapi.micloud.xiaomi.net
g-galleryapi.micloud.xiaomi.net
us.smsapi.micloud.xiaomi.net
us.wifiapi.micloud.xiaomi.net
us.browserapi.micloud.xiaomi.net
us.api.micloud.xiaomi.net
gallerysearchapi.micloud.xiaomi.net
api.xiaomi.net
us.phonecallapi.micloud.xiaomi.net
us.sfsapi.micloud.xiaomi.net
us.galleryfaceapi.micloud.xiaomi.net
static.xiaomi.net
sec-cdn.static.xiaomi.net
alsgp0-fds.api.xiaomi.net
appbackupapi.micloud.xiaomi.net
us2.find.api.micloud.xiaomi.net
ln.xiaomi.net
search.xiaomi.net
idmb.app.chat.global.xiaomi.net
global.search.xiaomi.net
ns1.ln.xiaomi.net
us.appbackupapi.micloud.xiaomi.net
ns4.ln.xiaomi.net
ns5.ln.xiaomi.net
ns3.ln.xiaomi.net
cnbj1-fds.api.xiaomi.net
mimc.chat.xiaomi.net
cn.find.api.micloud.xiaomi.net
mihome.xiaomi.net
land.xiaomi.net
in.find.api.micloud.xiaomi.net
fileapi.micloud.xiaomi.net
bill.mihome.xiaomi.net
