www.instagram.com^
update.googleapis.com^
broker.miwifi.com^
g.whatsapp.net^
play-lh.googleusercontent.com^
play-fe.googleapis.com^
certs.yoomoney.ru^
firebaseinstallations.googleapis.com^
geller-pa.googleapis.com^
www.gstatic.com^
www.baidu.com^
android.googleapis.com^
stackoverflow.com^
cyberresilience.io^
cyberresilience.io^$important
syndication.realsrv.com
ru.tv.global.mi.com^
androidtvlauncherxfe-pa.googleapis.com^$important
ru.tv.global.mi.com^$important
speechs3proto2-pa.googleapis.com^$important
playatoms-pa.googleapis.com^$important
www.googleapis.com^$important
android.clients.google.com^$important
android.apis.google.com^$important
dl.google.com^$important
embeddedassistant.googleapis.com^$important
mtalk.google.com^$important
time.android.com^$important
play.googleapis.com^$important
fcm.googleapis.com^$important
clients3.google.com^$important
chromesyncpasswords-pa.googleapis.com^$important
notifications-pa.googleapis.com^$important
alt1-mtalk.google.com^$important
alt2-mtalk.google.com^$important
lh3.googleusercontent.com^$important
tv.adbappcontrol.com^$important
avatars.mds.yandex.net^$important
st.kp.yandex.net^$client='Mibox - K'
firebase-settings.crashlytics.com^$important
static.okko.tv^$important
i.amediateka.tech^$important
thumbs.dfs.ivi.ru^$important
filmix.ac^$important
sponsor.ajay.app^$important
metadata.provider.plex.tv^$important
community.plex.tv^$important
features.plex.tv^$important
discover.provider.plex.tv^$important
metadata-static.plex.tv^$important
together.plex.tv^$important
play.provider.plex.tv^$important
rschmidtsheetmusic.keenetic.pro^$important
alt8-mtalk.google.com^$important
api.ott-nav.com^$important
app.ott-nav.com^$important
crl3.digicert.com^$important
gmscompliance-pa.googleapis.com^$important
alt6-mtalk.google.com^$important
alt5-mtalk.google.com^$important
alt7-mtalk.google.com^$important
alt4-mtalk.google.com^$important
alt3-mtalk.google.com^$important
android-safebrowsing.google.com^$important
crl4.digicert.com^$important
